........................................................................ [  1%]
........................................................................ [  3%]
........................................................................ [  5%]
........................................................................ [  7%]
........................................................................ [  8%]
........................................................................ [ 10%]
........................................................................ [ 12%]
........................................................................ [ 14%]
........................................................................ [ 15%]
........................................................................ [ 17%]
........................................................................ [ 19%]
........................................................................ [ 21%]
........................................................................ [ 22%]
........................................................................ [ 24%]
........................................................................ [ 26%]
........................................................................ [ 28%]
........................................................................ [ 29%]
........................................................................ [ 31%]
........................................................................ [ 33%]
........................................................................ [ 35%]
........................................................................ [ 36%]
........................................................................ [ 38%]
........................................................................ [ 40%]
........................................................................ [ 42%]
........................................................................ [ 43%]
........................................................................ [ 45%]
........................................................................ [ 47%]
........................................................................ [ 49%]
........................................................................ [ 50%]
........................................................................ [ 52%]
........................................................................ [ 54%]
........................................................................ [ 56%]
........................................................................ [ 57%]
........................................................................ [ 59%]
........................................................................ [ 61%]
........................................................................ [ 63%]
........................................................................ [ 64%]
........................................................................ [ 66%]
........................................................................ [ 68%]
........................................................................ [ 70%]
........................................................................ [ 71%]
........................................................................ [ 73%]
........................................................................ [ 75%]
........................................................................ [ 77%]
........................................................................ [ 78%]
........................................................................ [ 80%]
........................................................................ [ 82%]
........................................................................ [ 84%]
........................................................................ [ 85%]
........................................................................ [ 87%]
........................................................................ [ 89%]
........................................................................ [ 91%]
........................................................................ [ 93%]
........................................................................ [ 94%]
........................................................................ [ 96%]
........................................................................ [ 98%]
.......................................................................  [100%]
=============================== warnings summary ===============================
tests/test_migration_orm_drift_postgres.py::test_migrated_database_has_no_column_drift_against_the_orm
  /Users/woojinlee/projects/Reputation-geo-hardening/backend/.venv/lib/python3.11/site-packages/alembic/config.py:612: DeprecationWarning: No path_separator found in configuration; falling back to legacy splitting on spaces, commas, and colons for prepend_sys_path.  Consider adding path_separator=os to Alembic config.
    util.warn_deprecated(

tests/test_migration_orm_drift_postgres.py::test_migrated_database_has_no_column_drift_against_the_orm
  /Users/woojinlee/projects/Reputation-geo-hardening/backend/tests/test_migration_orm_drift_postgres.py:75: SAWarning: Cannot correctly sort tables; there are unresolvable cycles between tables "content_items, exposure_actions, hospitals, sales_leads", which is usually caused by mutually dependent foreign key constraints.  Foreign key constraints involving these tables will not be considered; this warning may raise an error in a future release.
    diffs = _flatten(compare_metadata(context, Base.metadata))

-- Docs: https://docs.pytest.org/en/stable/how-to/capture-warnings.html
================================ tests coverage ================================
______________ coverage: platform darwin, python 3.11.13-final-0 _______________

Coverage XML written to file /private/tmp/reputation-approval-final-20260916-093831/coverage-completion.xml
4103 passed, 2 warnings in 120.56s (0:02:00)
